// Jest Snapshot v1, https://goo.gl/fbAQLP

exports[`<HomePage /> Snapshots renders correctly with Sidebar and content 1`] = `
<main
  className="main-container"
>
  <div
    className="sidebar"
  >
    <Sidebar />
  </div>
  <div
    className="content"
  >
    <Connect(ContentPanel) />
  </div>
</main>
`;
